
> identity-service@0.0.1 build C:\Users\Surface\Documents\Projects\SynapGrid\backend\apps\identity-service
> nest build

[96msrc/auth/auth.module.ts[0m:[93m7[0m:[93m32[0m - [91merror[0m[90m TS2307: [0mCannot find module '@nestjs/passport' or its corresponding type declarations.

Found 24 error(s).

[7m7[0m import { PassportModule } from '@nestjs/passport';
[7m [0m [91m                               ~~~~~~~~~~~~~~~~~~[0m
[96msrc/auth/auth.service.ts[0m:[93m18[0m:[93m44[0m - [91merror[0m[90m TS2339: [0mProperty 'user' does not exist on type 'PrismaService'.

[7m18[0m     const existingUser = await this.prisma.user.findUnique({ where: { email } });
[7m  [0m [91m                                           ~~~~[0m
[96msrc/auth/auth.service.ts[0m:[93m25[0m:[93m36[0m - [91merror[0m[90m TS2339: [0mProperty 'user' does not exist on type 'PrismaService'.

[7m25[0m     const user = await this.prisma.user.create({
[7m  [0m [91m                                   ~~~~[0m
[96msrc/auth/auth.service.ts[0m:[93m42[0m:[93m36[0m - [91merror[0m[90m TS2339: [0mProperty 'user' does not exist on type 'PrismaService'.
 ELIFECYCLE  Command failed with exit code 1.

[7m42[0m     const user = await this.prisma.user.findUnique({ where: { email } });
[7m  [0m [91m                                   ~~~~[0m
[96msrc/auth/dto/login.dto.ts[0m:[93m2[0m:[93m47[0m - [91merror[0m[90m TS2307: [0mCannot find module 'class-validator' or its corresponding type declarations.

[7m2[0m import { IsEmail, IsNotEmpty, IsString } from 'class-validator';
[7m [0m [91m                                              ~~~~~~~~~~~~~~~~~[0m
[96msrc/auth/dto/signup.dto.ts[0m:[93m2[0m:[93m58[0m - [91merror[0m[90m TS2307: [0mCannot find module 'class-validator' or its corresponding type declarations.

[7m2[0m import { IsEmail, IsNotEmpty, IsString, MinLength } from 'class-validator';
[7m [0m [91m                                                         ~~~~~~~~~~~~~~~~~[0m
[96msrc/invitations/dto/create-invitation.dto.ts[0m:[93m2[0m:[93m47[0m - [91merror[0m[90m TS2307: [0mCannot find module 'class-validator' or its corresponding type declarations.

[7m2[0m import { IsEmail, IsNotEmpty, IsString } from 'class-validator';
[7m [0m [91m                                              ~~~~~~~~~~~~~~~~~[0m
[96msrc/invitations/invitations.service.ts[0m:[93m5[0m:[93m21[0m - [91merror[0m[90m TS2307: [0mCannot find module 'date-fns' or its corresponding type declarations.

[7m5[0m import { add } from 'date-fns';
[7m [0m [91m                    ~~~~~~~~~~[0m
[96msrc/invitations/invitations.service.ts[0m:[93m8[0m:[93m68[0m - [91merror[0m[90m TS2307: [0mCannot find module '@inclusaai/kafka-contracts' or its corresponding type declarations.

[7m8[0m import { INVITATION_CREATED_EVENT, InvitationCreatedPayload } from '@inclusaai/kafka-contracts';
[7m [0m [91m                                                                   ~~~~~~~~~~~~~~~~~~~~~~~~~~~~[0m
[96msrc/invitations/invitations.service.ts[0m:[93m25[0m:[93m49[0m - [91merror[0m[90m TS2339: [0mProperty 'orgMembership' does not exist on type 'PrismaService'.

[7m25[0m     const inviterMembership = await this.prisma.orgMembership.findUnique({
[7m  [0m [91m                                                ~~~~~~~~~~~~~[0m
[96msrc/invitations/invitations.service.ts[0m:[93m43[0m:[93m44[0m - [91merror[0m[90m TS2339: [0mProperty 'user' does not exist on type 'PrismaService'.

[7m43[0m     const existingUser = await this.prisma.user.findUnique({ where: { email } });
[7m  [0m [91m                                           ~~~~[0m
[96msrc/invitations/invitations.service.ts[0m:[93m45[0m:[93m52[0m - [91merror[0m[90m TS2339: [0mProperty 'orgMembership' does not exist on type 'PrismaService'.

[7m45[0m       const existingMembership = await this.prisma.orgMembership.findFirst({
[7m  [0m [91m                                                   ~~~~~~~~~~~~~[0m
[96msrc/invitations/invitations.service.ts[0m:[93m57[0m:[93m50[0m - [91merror[0m[90m TS2339: [0mProperty 'invitation' does not exist on type 'PrismaService'.

[7m57[0m     const existingInvitation = await this.prisma.invitation.findFirst({
[7m  [0m [91m                                                 ~~~~~~~~~~[0m
[96msrc/invitations/invitations.service.ts[0m:[93m74[0m:[93m42[0m - [91merror[0m[90m TS2339: [0mProperty 'invitation' does not exist on type 'PrismaService'.

[7m74[0m     const invitation = await this.prisma.invitation.create({
[7m  [0m [91m                                         ~~~~~~~~~~[0m
[96msrc/organizations/dto/create-organization.dto.ts[0m:[93m2[0m:[93m38[0m - [91merror[0m[90m TS2307: [0mCannot find module 'class-validator' or its corresponding type declarations.

[7m2[0m import { IsNotEmpty, IsString } from 'class-validator';
[7m [0m [91m                                     ~~~~~~~~~~~~~~~~~[0m
[96msrc/organizations/organizations.service.ts[0m:[93m4[0m:[93m30[0m - [91merror[0m[90m TS2307: [0mCannot find module '@prisma/client' or its corresponding type declarations.

[7m4[0m import { Organization } from '@prisma/client';
[7m [0m [91m                             ~~~~~~~~~~~~~~~~[0m
[96msrc/organizations/organizations.service.ts[0m:[93m16[0m:[93m24[0m - [91merror[0m[90m TS2339: [0mProperty 'organization' does not exist on type 'PrismaService'.

[7m16[0m     return this.prisma.organization.create({
[7m  [0m [91m                       ~~~~~~~~~~~~[0m
[96msrc/prisma/prisma.service.ts[0m:[93m2[0m:[93m30[0m - [91merror[0m[90m TS2307: [0mCannot find module '@prisma/client' or its corresponding type declarations.

[7m2[0m import { PrismaClient } from '@prisma/client';
[7m [0m [91m                             ~~~~~~~~~~~~~~~~[0m
[96msrc/prisma/prisma.service.ts[0m:[93m7[0m:[93m16[0m - [91merror[0m[90m TS2339: [0mProperty '$connect' does not exist on type 'PrismaService'.

[7m7[0m     await this.$connect();
[7m [0m [91m               ~~~~~~~~[0m
[96msrc/swagger.ts[0m:[93m21[0m:[93m5[0m - [91merror[0m[90m TS2345: [0mArgument of type '{ customSiteTitle: string; scalarOptions: {}; }' is not assignable to parameter of type 'SwaggerCustomOptions'.
  Object literal may only specify known properties, and 'scalarOptions' does not exist in type 'SwaggerCustomOptions'.

[7m21[0m     scalarOptions: {},
[7m  [0m [91m    ~~~~~~~~~~~~~[0m
[96mtest/auth/auth.e2e-spec.ts[0m:[93m21[0m:[93m18[0m - [91merror[0m[90m TS2339: [0mProperty 'user' does not exist on type 'PrismaService'.

[7m21[0m     await prisma.user.deleteMany();
[7m  [0m [91m                 ~~~~[0m
[96mtest/auth/auth.e2e-spec.ts[0m:[93m25[0m:[93m18[0m - [91merror[0m[90m TS2339: [0mProperty 'user' does not exist on type 'PrismaService'.

[7m25[0m     await prisma.user.deleteMany();
[7m  [0m [91m                 ~~~~[0m
[96mtest/auth/auth.service.spec.ts[0m:[93m2[0m:[93m29[0m - [91merror[0m[90m TS2307: [0mCannot find module './auth.service' or its corresponding type declarations.

[7m2[0m import { AuthService } from './auth.service';
[7m [0m [91m                            ~~~~~~~~~~~~~~~~[0m
[96mtest/auth/auth.service.spec.ts[0m:[93m3[0m:[93m31[0m - [91merror[0m[90m TS2307: [0mCannot find module '../prisma/prisma.service' or its corresponding type declarations.

[7m3[0m import { PrismaService } from '../prisma/prisma.service';
[7m [0m [91m                              ~~~~~~~~~~~~~~~~~~~~~~~~~~[0m

